10yard85
1941
1941j
1942
1942a
1942b
1942w
1943
1943j
1943u
1944
1944d
1944j
19xxa
19xxb
19xxd
19xxh
19xxj
19xxjr1
4dwarrio
8ballact
8ballact2
8ballat2
8bpm
abscam
actionhw
ad2083
afighter
agressb
airattca
airattcka
airbusb
airbustj
airbustrb
airbustrj
airduel
airwolf
airwolfa
ajax
ajaxj
alexkid1
alexkida
alexkidd
alexkidd1
alien3
alien3u
alieninv
aliens
aliens2
aliens3
aliensa
aliensec
aliensj
aliensj2
aliensu
aliensy1
aliensy2
aliensy3
aliensy5
aliensyn
alphaxz
altbeaj1
altbeaj3
altbeas2
altbeas4
altbeas5
altbeasj
altbeast
altbeast2
altbeast4
altbeast5
altbeastj
altbeastj1
altbeastj3
amatelas
amazon
ambush
ambusht
ambushv
amidarb
amidaro
amidars
amidaru
amigo
angelkds
animaljr
anteater
anteatg
anteatgb
apb
apb1
apb2
apb3
apb4
apb5
apbf
apbg
aquajack
aquajckj
arabfgt
arabfgtj
arabfgtu
area88
argus
ark1ball
arkangc2
arkanoid
arkarea
arkatayt
arkatour
arkbloc2
arkblock
arkgcbl
arkmcubl
arknid2j
arknid2u
arknoidj
arknoidu
arknoiuo
arkretrn
arktayt2
armedf
armorap
armorar
armorca2
armorcar
armorcar2
assault
assaultj
assaultp
astdelu1
astdelu2
astdelux
astdelux1
astdelux2
asterix
asterixj
asterock
asteroi1
asteroi2
asteroib
asteroid
astrxeaa
astrxeac
astyanax
athena
atlantis
atlantis2
atlantol
atlantol
atlants2
atomicp
aurail
aurail1
auraila
aurailj
avenger2
avengers
avengers2
baby2
baby3
baddudes
bagman
bagmanmc
bagmans
bagmans2
bagnard
bagnarda
balonfgt
bankp
baraduke
barrier
barrier
batman2
batsugna
battlcry
battlex
battlntj
battlnts
battlntsj
batugnsp
bermudaa
bermudaj
bermudao
bermudat
bermudata
bermudatj
berzerk
berzerk1
bjtwin
bjtwina
bktigrb1
bktigrb2
blktiger
blockout
blockout2
blockoutj
bloodbra
bloodbro
blueprnj
blueprnt
bnj
bnzabros
bnzabrsj
boblbobl
bombjac2
bombjack
boomrana
boomrang
boomranga
boxingb
brix
brkthruj
brubber
btime
btime2
btimem
bub68705
bubbobr1
bublbob1
bublbobl
bublbobr
bullfgt
buraiken
bzone
bzone2
bzonec
cabal
cabala
cabalbl
cabalus
cabalus2
calipso
captaven
captavna
captavne
captavnj
captavnu
captavua
captavuu
car2
caractn
carnival
carnvckt
caterpil
cbnj
cburnrb2
cburnrub
cburnrub2
ccastle1
ccastle2
ccastle3
ccastlef
ccastleg
ccastlej
ccastlep
ccastles
ccboot
ccboot2
cclimber
cclimbrj
centipb2
centipd2
centipdd
centiped
centtime
chasehq
chasehqj
chasehqu
chthang
chtmsatk
chtmspa
circusc
circusc2
circusc3
circuscc
circusce
ckong
ckonga
ckongalc
ckongb
ckongg
ckongjeu
ckongo
ckongs
cleopatr
column2j
columns
columns2
columnsj
commandb
commandj
commando
commandu
condor
congo
contra
contrab
contraj
contrajb
cosmicm2
cosmicmo
crash
crazypac
croquis
crush
crzralla
crzrallg
crzrally
ctrpllrp
daioh
dariusg
dariusgx
darthvdr
dazzler
ddonpach
ddragnba
ddragnw1
ddragob2
ddragon
ddragonb
ddragonu
ddragonw
ddragoua
ddribble
deadeye
defcmnd
defence
defendb
defender
defendg
defendw
defndjeu
demon
desterth
digdug2
digdug2a
digdug2o
digduga1
digdugat
digdugb
dino
dinoj
dinou
dizzy
djboy
djboya
djboyj
dkngjnrb
dkngjnrj
dkong
dkong3
dkong3b
dkong3j
dkongf
dkongjo
dkongjo1
dkongjp
dkongjpo
dkongjr
dkongjre
dkongo
dockman
dogfgt
dogfgtj
domino
dommy
dorunrca
dorunruc
dorunrun
dotron
dotrone
dowild
dragnblz
drgninja
dynagear
dzigzag
eagle
eagle2
eagle3
earthinv
elevatob
elevator
elevatorb
eltonpac
enigma2
enigma2a
enigma2b
esprade
espradej
espradeo
evilston
excthour
exerion
exerionb
exeriont
explorer
exprrada
exprraid
exprraida
extrmatj
extrmatn
extrmatnj
extrmatnu
extrmatu
eyes
eyes2
eyeszac
falcon
falconz
fantazia
fasthang
fasthear
fastmspa
fastplus
faststrm
fnkyfish
forcebrk
freeze
frogf
frogg
frogger
froggermc
froggers
froggers1
froggers2
froggrmc
frogs
frogseg1
frogseg2
fshark
fsharkbt
fstmsatk
funkbeeb
funkybee
funkybeeb
funnymou
futspy
gaiden
galaga
galaga84
galagab2
galagads
galagamf
galagamk
galagamw
galagao
galap1
galap4
galapx
galaxb
galaxbsf
galaxiaj
galaxian
gallag
galmidw
galmidwo
galtaito
galturbo
gatsbee
gaunt2
gaunt2p
gauntir1
gauntir2
gauntlet
gberetb
geebee
geebeeb
geebeeg
gigawing
gijoe
gijoe
gijoej
gijoeu
gng
gnga
gngbl
gngblita
gngt
gradius
grescue
griffon
gryzor
gteikoku
gunsmoka
gunsmoke
gunsmoku
gunsmrom
gwarrior
gwinga
gwingb
gwingj
gwingjd
gyruss
gyrussce
hangly
hangly2
hangly2x
hangly3
hanglyad
hanglyx
headon
headon2
headonb
headoni
headons
heartbrn
hexa
hpolym84
hvysmsh
hvysmsha
hvysmshj
hyperpac
hyperspt
hyprdelj
hyprduel
hyprolyb
hyprolyb
hyprolym
hyprolym
imgfigho
imgfight
indianbt
invader4
invaders
invadrmr
jack
jack2
jack3
jackal
jackalj
jjack
jjsquawb
jjsquawk
joinem
journey
joust
joust2
joustr
joustwr
joyman
juju
jujub
jungleh
junglek
jungler
junglers
junofrst
junofstg
kamikcab
kangaroa
kangarob
kangaroo
karatedo
karatevs
kchamp
kchampvs
kick
kickc
kickman
kickridr
killcom
kingbalj
kingball
kkgalax
klax
klax2
klax3
klaxd
klaxj
klaxp1
klaxp2
knights
knightsj
knightsu
korosuke
ktiger
kungfub
kungfub2
kungfud
kungfum
ladybgb2
ladybug
ladybugb
levers
logicpro
lordofk
loverboy
lrescue
lrescuem
m660
m660b
m660j
m79amb
madalien
madaliena
madalina
makaimuc
makaimug
makaimur
maketrax
maketrxb
mappy
mappyj
marble
marble2
marble3
marble4
marble5
marblea
mario
marioe
marioj
mariojp
marioo
masao
matmania
mazeman
mcombat
mcombata
megab
megabj
megablst
megablstj
megablstu
megadon
mermaid
metafox
meteorho
meteorts
metlclsh
metrocra
metrocrs
mhavoc
mikie
mikiehs
mikiej
millipdd
milliped
mimonkey
mimonsco
mimonscr
minefld
missile
missile2
mk
mk2
mk2chal
mk2r14
mk2r21
mk2r32
mk2r42
mk2r91
mkla1
mkla2
mkla3
mkla4
mkprot8
mkprot9
mkr4
mkyawdim
mlander
mmonkey
mole
monkeyd
monster2
monsterb
monsterb2
montecar
monwar2a
mooncmw
mooncrgx
mooncrs2
mooncrs3
mooncrsa
mooncrsb
mooncrsg
mooncrst
mooncrsu
moonwar
moonwar2
moonwara
motorace
mpatrol
mpatrolw
mranger
mrdo
mrdofix
mrdot
mrdoy
mrdrillr
mrdu
mrgoemon
mrlo
mrpacman
mrviking
mrvikingj
mrvikinj
mrvikngj
ms4plus
ms5pcb
ms5plus
msatk2ad
msatkad
msbaby
msbaby1
mschamp
msdstorm
mselton
msf1pac
mshangly
mshearts
msindy
mslug
mslug2
mslug3
mslug3b6
mslug3h
mslug4
mslug5
mslug5h
mslugx
msmini
msminia
mspac6m
mspacat2
mspacatb
mspacatk
mspacman
mspacmat
mspacmbe
mspacmnf
mspacpls
mspacx
mspatkx
msrumble
mssilad
msword
mswordj
mswordr1
mswordu
mtlchamp
mtlchamp1
mtlchampa
mtlchampj
mtlchampu
mtlchmp1
mtlchmpa
mtlchmpj
mtlchmpu
mwalk
mwalkbl
mwalkj
mwalku
myqbert
narc
narc3
naughtya
naughtyb
naughtyba
naughtybc
naughtyc
navarone
nebulbee
nemesis
nemesisuk
nemesuk
newpuc2
newpuc2b
newpuckx
newtangl
nextfase
nitd
nkdodge
nkdodgeb
nmouse
nmouseb
nov2001u
nova2001
nova2001u
npacmod
olibochu
omegaf
omegafs
orbitron
outzone
outzonea
outzoneb
outzonec
outzonep
pacgal
pacland
pacland2
pacland3
paclandm
pacman
pacmanf
pacmania
pacmanjp
pacmanm
pacmini
pacmini2
pacmod
pacplus
pacstrm
paddle2
panzer
paperboy
paradise
pbactio2
pbactio3
pbaction
pengo
pengo2
pengo2u
pengo3u
pengo4
pengob
penta
pestplce
phantom
phantoma
phoenix
phoenix3
phoenixa
phoenixb
phoenixc
phoenixj
phoenixt
piranha
piranhah
pirates
pisces
piscesb
pleiadbl
pleiadce
pleiads
pootan
pooyan
pooyans
popeye
popeyebl
popeyef
popeyeu
porter
portman
puckman
puckmana
puckmanf
puckmanh
puckmod
pulstar
punchita
punchout
qb3
qbert
qberta
qbertjp
qbertqub
qberttst
qix
qix2
qixa
qixb
qixo
qwak
raiden
rallys
rastan
rastanu
rastanu2
rastsaga
rbtapper
redbaron
redclash
redclsha
redclshk
redufo
ripoff
roadrunn
robocop
robocopb
robocopj
robocopu
robocopw
robocpu0
robotron
robotryo
rocnrope
rocnropek
rocnropk
rompers
romperso
rpatrol
rpatrolb
rpatrolo
rthunder
rthundro
rtype
rtype2
rtype2j
rtypeb
rtypej
rtypejp
rtypeu
rushcrsh
rygar
rygar2
rygar3
rygarj
ryukenda
ryukendn
s1945ii
sasuke
satansaa
satansat
satansata
saturn
sbagman
sbagmans
sci
scia
scij
sciu
scramb2
scramblb
scramble
scrambls
sdtennis
searthia
searthin
seawolf
seawolf2
sf2
sf2a
sf2b
sf2e
sf2j
sf2ja
sf2jb
sf2ua
sf2ub
sf2ue
shadoww
shadowwa
sheriff
sicv
silkworm
silkwrm2
silvland
simps2pa
simps2pj
simps4pa
simpsn2p
simpsons
sinvasn
sinvasnb
sinvemag
sisv
sisv2
sitv
skyshark
skywolf
skywolf2
slapbtjp
slapbtuk
slapfgtr
slapfiga
slapfigh
smooncrs
snowbro2
solarq
solarwar
spacbatt
spaceatt
spaceftr
spaceplt
spacewr3
spartanx
spcdrag
spcdraga
spceking
spcewars
spctbird
spdodgeb
spectar
spectar1
speedfrk
spf2t
spf2ta
spf2xj
spf2xjd
spnchotj
spnchout
sprint1
sprmatkd
srumbler
srumblr2
starcas
starcas1
starcase
starcasp
startrkd
starwar1
starwars
starwars1
steelwkr
stellcas
streakng
strfbomb
subroc3d
sundance
supcrash
superbug
superg
suprmatk
suprmatkd
suprmou2
suprmous
suprmrio
sutapper
swarm
swimmer
swimmera
swimmerb
szaxxon
tailg
tankbatt
tapper
tappera
targ
targc
tazmani2
tazmania
tazzmang
tempest
tempest1
tempest2
tempest3
temptube
terracra
terracrb
terracre
tetris
tetrisaa
theend
theends
thetogyu
timber
timeplt
timeplta
timepltc
tinstar
tinstar2
tiptop
tmht
tmht2p
tmnt
tmnt2
tmnt2a
tmnt2pj
tmnt2po
tmntj
tmntu
tmntua
toki
tokia
tokib
tokiu
topgunbl
topgunr
tornado1
tornado2
trackflc
trackflc
trackfld
trackfld
travrusa
treahunt
troangel
tron
tron2
tron3
tron4
turfmast
twincobr
twincobu
typhoon
uniwars
unsquad
upndown
valtric
vautour
vautourz
vendetta
vendetta2p
vendetta2pd
vendetta2pu
vendettaj
vendettar
videopin
vigilant
vigilntj
vigilntu
viofighj
viofight
viofighu
vs10yardu
vs10yarj
vsyard
vsyard2
wallc
wallca
waterski
wb3
wb31
wb34
wb3a
wb3b
wbdeluxe
wboy
wboy2
wboy2u
wboy3
wboy4
wboy4u
wboyo
wboyu
weststry
wexpresb
wexpresc
wexpress
wexpressb
wexpressb2
woodpeca
woodpeck
worldwar
wotw
wotwc
wrally
wrallya
wrallyb
xmen
xmen2p
xmen2pj
xmen6p
xmen6pu
xmenj
xmvsf
xmvsfa
xmvsfar1
xmvsfb
xmvsfh
xmvsfj
xmvsfjr1
xmvsfjr2
xmvsfr1
xmvsfu
xmvsfu1d
xmvsfur1
xsleena
xsleenab
yachtmn
yankeedo
yard
yellowcb
yellowcj
yiear
yiear2
zarzon
zaxxon
zaxxon2
zaxxonb
zero
zero2
zoar
zodiack
zolamaze
zombraid
zookeep
zzyzzyx2
zzyzzyxx
zzyzzyxx2
